---
source: crates/mm-llm/tests/routing.rs
expression: table
---
[
  {
    "complexity": "low",
    "cost_budget_micros": 0,
    "cost_micros": 500,
    "label": "plain",
    "latency_budget_ms": 0,
    "model": "mock-small",
    "pinned_model": null,
    "precision": "normal",
    "purpose": "interpret",
    "reason": "cheapest_sufficient",
    "stakes": "medium"
  },
  {
    "complexity": "medium",
    "cost_budget_micros": 0,
    "cost_micros": 500,
    "label": "plain",
    "latency_budget_ms": 0,
    "model": "mock-small",
    "pinned_model": null,
    "precision": "normal",
    "purpose": "interpret",
    "reason": "cheapest_sufficient",
    "stakes": "medium"
  },
  {
    "complexity": "high",
    "cost_budget_micros": 0,
    "cost_micros": 500,
    "label": "plain",
    "latency_budget_ms": 0,
    "model": "mock-small",
    "pinned_model": null,
    "precision": "normal",
    "purpose": "interpret",
    "reason": "cheapest_sufficient",
    "stakes": "medium"
  },
  {
    "complexity": "very_high",
    "cost_budget_micros": 0,
    "cost_micros": 12500,
    "label": "plain",
    "latency_budget_ms": 0,
    "model": "frontier",
    "pinned_model": null,
    "precision": "normal",
    "purpose": "interpret",
    "reason": "cheapest_sufficient",
    "stakes": "medium"
  },
  {
    "complexity": "low",
    "cost_budget_micros": 0,
    "cost_micros": 500,
    "label": "plain",
    "latency_budget_ms": 0,
    "model": "mock-small",
    "pinned_model": null,
    "precision": "normal",
    "purpose": "plan",
    "reason": "cheapest_sufficient",
    "stakes": "medium"
  },
  {
    "complexity": "medium",
    "cost_budget_micros": 0,
    "cost_micros": 500,
    "label": "plain",
    "latency_budget_ms": 0,
    "model": "mock-small",
    "pinned_model": null,
    "precision": "normal",
    "purpose": "plan",
    "reason": "cheapest_sufficient",
    "stakes": "medium"
  },
  {
    "complexity": "high",
    "cost_budget_micros": 0,
    "cost_micros": 500,
    "label": "plain",
    "latency_budget_ms": 0,
    "model": "mock-small",
    "pinned_model": null,
    "precision": "normal",
    "purpose": "plan",
    "reason": "cheapest_sufficient",
    "stakes": "medium"
  },
  {
    "complexity": "very_high",
    "cost_budget_micros": 0,
    "cost_micros": 12500,
    "label": "plain",
    "latency_budget_ms": 0,
    "model": "frontier",
    "pinned_model": null,
    "precision": "normal",
    "purpose": "plan",
    "reason": "cheapest_sufficient",
    "stakes": "medium"
  },
  {
    "complexity": "low",
    "cost_budget_micros": 0,
    "cost_micros": 500,
    "label": "plain",
    "latency_budget_ms": 0,
    "model": "mock-small",
    "pinned_model": null,
    "precision": "normal",
    "purpose": "extract",
    "reason": "cheapest_sufficient",
    "stakes": "medium"
  },
  {
    "complexity": "medium",
    "cost_budget_micros": 0,
    "cost_micros": 500,
    "label": "plain",
    "latency_budget_ms": 0,
    "model": "mock-small",
    "pinned_model": null,
    "precision": "normal",
    "purpose": "extract",
    "reason": "cheapest_sufficient",
    "stakes": "medium"
  },
  {
    "complexity": "high",
    "cost_budget_micros": 0,
    "cost_micros": 500,
    "label": "plain",
    "latency_budget_ms": 0,
    "model": "mock-small",
    "pinned_model": null,
    "precision": "normal",
    "purpose": "extract",
    "reason": "cheapest_sufficient",
    "stakes": "medium"
  },
  {
    "complexity": "very_high",
    "cost_budget_micros": 0,
    "cost_micros": 12500,
    "label": "plain",
    "latency_budget_ms": 0,
    "model": "frontier",
    "pinned_model": null,
    "precision": "normal",
    "purpose": "extract",
    "reason": "cheapest_sufficient",
    "stakes": "medium"
  },
  {
    "complexity": "low",
    "cost_budget_micros": 0,
    "cost_micros": 500,
    "label": "plain",
    "latency_budget_ms": 0,
    "model": "mock-small",
    "pinned_model": null,
    "precision": "normal",
    "purpose": "critique",
    "reason": "cheapest_sufficient",
    "stakes": "medium"
  },
  {
    "complexity": "medium",
    "cost_budget_micros": 0,
    "cost_micros": 500,
    "label": "plain",
    "latency_budget_ms": 0,
    "model": "mock-small",
    "pinned_model": null,
    "precision": "normal",
    "purpose": "critique",
    "reason": "cheapest_sufficient",
    "stakes": "medium"
  },
  {
    "complexity": "high",
    "cost_budget_micros": 0,
    "cost_micros": 500,
    "label": "plain",
    "latency_budget_ms": 0,
    "model": "mock-small",
    "pinned_model": null,
    "precision": "normal",
    "purpose": "critique",
    "reason": "cheapest_sufficient",
    "stakes": "medium"
  },
  {
    "complexity": "very_high",
    "cost_budget_micros": 0,
    "cost_micros": 12500,
    "label": "plain",
    "latency_budget_ms": 0,
    "model": "frontier",
    "pinned_model": null,
    "precision": "normal",
    "purpose": "critique",
    "reason": "cheapest_sufficient",
    "stakes": "medium"
  },
  {
    "complexity": "low",
    "cost_budget_micros": 0,
    "cost_micros": 500,
    "label": "plain",
    "latency_budget_ms": 0,
    "model": "mock-small",
    "pinned_model": null,
    "precision": "normal",
    "purpose": "summarize",
    "reason": "cheapest_sufficient",
    "stakes": "medium"
  },
  {
    "complexity": "medium",
    "cost_budget_micros": 0,
    "cost_micros": 500,
    "label": "plain",
    "latency_budget_ms": 0,
    "model": "mock-small",
    "pinned_model": null,
    "precision": "normal",
    "purpose": "summarize",
    "reason": "cheapest_sufficient",
    "stakes": "medium"
  },
  {
    "complexity": "high",
    "cost_budget_micros": 0,
    "cost_micros": 500,
    "label": "plain",
    "latency_budget_ms": 0,
    "model": "mock-small",
    "pinned_model": null,
    "precision": "normal",
    "purpose": "summarize",
    "reason": "cheapest_sufficient",
    "stakes": "medium"
  },
  {
    "complexity": "very_high",
    "cost_budget_micros": 0,
    "cost_micros": 12500,
    "label": "plain",
    "latency_budget_ms": 0,
    "model": "frontier",
    "pinned_model": null,
    "precision": "normal",
    "purpose": "summarize",
    "reason": "cheapest_sufficient",
    "stakes": "medium"
  },
  {
    "complexity": "low",
    "cost_budget_micros": 0,
    "cost_micros": 500,
    "label": "plain",
    "latency_budget_ms": 0,
    "model": "mock-small",
    "pinned_model": null,
    "precision": "normal",
    "purpose": "code_review",
    "reason": "cheapest_sufficient",
    "stakes": "medium"
  },
  {
    "complexity": "medium",
    "cost_budget_micros": 0,
    "cost_micros": 500,
    "label": "plain",
    "latency_budget_ms": 0,
    "model": "mock-small",
    "pinned_model": null,
    "precision": "normal",
    "purpose": "code_review",
    "reason": "cheapest_sufficient",
    "stakes": "medium"
  },
  {
    "complexity": "high",
    "cost_budget_micros": 0,
    "cost_micros": 500,
    "label": "plain",
    "latency_budget_ms": 0,
    "model": "mock-small",
    "pinned_model": null,
    "precision": "normal",
    "purpose": "code_review",
    "reason": "cheapest_sufficient",
    "stakes": "medium"
  },
  {
    "complexity": "very_high",
    "cost_budget_micros": 0,
    "cost_micros": 12500,
    "label": "plain",
    "latency_budget_ms": 0,
    "model": "frontier",
    "pinned_model": null,
    "precision": "normal",
    "purpose": "code_review",
    "reason": "cheapest_sufficient",
    "stakes": "medium"
  },
  {
    "complexity": "low",
    "cost_budget_micros": 0,
    "cost_micros": 500,
    "label": "plain",
    "latency_budget_ms": 0,
    "model": "mock-small",
    "pinned_model": null,
    "precision": "normal",
    "purpose": "classify",
    "reason": "cheapest_sufficient",
    "stakes": "medium"
  },
  {
    "complexity": "medium",
    "cost_budget_micros": 0,
    "cost_micros": 500,
    "label": "plain",
    "latency_budget_ms": 0,
    "model": "mock-small",
    "pinned_model": null,
    "precision": "normal",
    "purpose": "classify",
    "reason": "cheapest_sufficient",
    "stakes": "medium"
  },
  {
    "complexity": "high",
    "cost_budget_micros": 0,
    "cost_micros": 500,
    "label": "plain",
    "latency_budget_ms": 0,
    "model": "mock-small",
    "pinned_model": null,
    "precision": "normal",
    "purpose": "classify",
    "reason": "cheapest_sufficient",
    "stakes": "medium"
  },
  {
    "complexity": "very_high",
    "cost_budget_micros": 0,
    "cost_micros": 12500,
    "label": "plain",
    "latency_budget_ms": 0,
    "model": "frontier",
    "pinned_model": null,
    "precision": "normal",
    "purpose": "classify",
    "reason": "cheapest_sufficient",
    "stakes": "medium"
  },
  {
    "complexity": "low",
    "cost_budget_micros": 0,
    "cost_micros": 500,
    "label": "plain",
    "latency_budget_ms": 0,
    "model": "mock-small",
    "pinned_model": null,
    "precision": "normal",
    "purpose": "diagnose",
    "reason": "cheapest_sufficient",
    "stakes": "medium"
  },
  {
    "complexity": "medium",
    "cost_budget_micros": 0,
    "cost_micros": 500,
    "label": "plain",
    "latency_budget_ms": 0,
    "model": "mock-small",
    "pinned_model": null,
    "precision": "normal",
    "purpose": "diagnose",
    "reason": "cheapest_sufficient",
    "stakes": "medium"
  },
  {
    "complexity": "high",
    "cost_budget_micros": 0,
    "cost_micros": 500,
    "label": "plain",
    "latency_budget_ms": 0,
    "model": "mock-small",
    "pinned_model": null,
    "precision": "normal",
    "purpose": "diagnose",
    "reason": "cheapest_sufficient",
    "stakes": "medium"
  },
  {
    "complexity": "very_high",
    "cost_budget_micros": 0,
    "cost_micros": 12500,
    "label": "plain",
    "latency_budget_ms": 0,
    "model": "frontier",
    "pinned_model": null,
    "precision": "normal",
    "purpose": "diagnose",
    "reason": "cheapest_sufficient",
    "stakes": "medium"
  },
  {
    "complexity": "medium",
    "cost_budget_micros": 0,
    "cost_micros": 500,
    "label": "high_stakes",
    "latency_budget_ms": 0,
    "model": "mock-small",
    "pinned_model": null,
    "precision": "normal",
    "purpose": "plan",
    "reason": "cheapest_sufficient",
    "stakes": "high"
  },
  {
    "complexity": "medium",
    "cost_budget_micros": 0,
    "cost_micros": 500,
    "label": "high_precision",
    "latency_budget_ms": 0,
    "model": "mock-small",
    "pinned_model": null,
    "precision": "high",
    "purpose": "critique",
    "reason": "cheapest_sufficient",
    "stakes": "medium"
  },
  {
    "complexity": "medium",
    "cost_budget_micros": 0,
    "cost_micros": 500,
    "label": "tight_latency",
    "latency_budget_ms": 100,
    "model": "mock-small",
    "pinned_model": null,
    "precision": "normal",
    "purpose": "interpret",
    "reason": "cheapest_sufficient",
    "stakes": "medium"
  },
  {
    "complexity": "very_high",
    "cost_budget_micros": 1000,
    "cost_micros": 500,
    "label": "tight_budget",
    "latency_budget_ms": 0,
    "model": "mock-small",
    "pinned_model": null,
    "precision": "normal",
    "purpose": "plan",
    "reason": "budget_fallback",
    "stakes": "medium"
  },
  {
    "complexity": "medium",
    "cost_budget_micros": 0,
    "cost_micros": 12500,
    "label": "pinned",
    "latency_budget_ms": 0,
    "model": "frontier",
    "pinned_model": "frontier",
    "precision": "normal",
    "purpose": "plan",
    "reason": "pinned",
    "stakes": "medium"
  }
]
